2026-07-17 13:17:47 | Starting MQTT night watch...
2026-07-17 13:17:47 | MQTT connected rc=0
2026-07-17 13:17:47 | Subscribed: COUNT
2026-07-17 13:17:47 | Subscribed: COUNT1
2026-07-17 13:17:47 | Subscribed: COUNT2
2026-07-17 13:17:47 | Subscribed: COUNT3
2026-07-17 13:17:47 | Subscribed: COUNT4
2026-07-17 13:17:47 | Subscribed: COUNT52
2026-07-17 13:17:47 | Subscribed: COUNT16
2026-07-17 13:17:47 | Subscribed: COUNT17
2026-07-17 13:17:47 | Subscribed: COUNT18
2026-07-17 13:17:47 | Subscribed: COUNT19
2026-07-17 13:17:47 | COUNT52 => e00000000000000000000002 21210.01
2026-07-17 13:17:47 | COUNT2 => e00000000000000000000002 2081548.98
2026-07-17 13:17:48 | COUNT2 => e00000000000000000000002 2091578.18
2026-07-17 13:17:48 | COUNT16 => e2004716fcb06821a9c80109 22211.01
2026-07-17 13:17:49 | COUNT52 => e200471681106821a20e010f 2111528.38
2026-07-17 13:17:49 | COUNT52 => e2004710fcd0682149ca010d 21310.01
2026-07-17 13:17:49 | COUNT1 => e2004714e7b0682188780110 2201589.76
2026-07-17 13:17:50 | COUNT4 => e20047130fa068216af70112 2451330.40
2026-07-17 13:17:50 | COUNT1 => e2004710ef50682148f20111 2181591.85
2026-07-17 13:17:50 | COUNT4 => e20047166bb06821a0b80110 2421411.31
2026-07-17 13:17:51 | COUNT4 => e200470f182068212b7f010a 2411414.96
2026-07-17 13:17:51 | COUNT3 => e00000000000000000000002 20410.01
2026-07-17 13:17:51 | COUNT2 => e00000000000000000000002 20710.01
2026-07-17 13:17:52 | COUNT19 => e00000000000000000000002 23911.01
2026-07-17 13:17:53 | COUNT2 => e2004710d5b0682147580112 2101409.75
2026-07-17 13:17:54 | COUNT16 => e20047112e2068214cdf0113 22111.01
2026-07-17 13:17:55 | COUNT52 => e200471681106821a20e010f 2111528.38
2026-07-17 13:17:55 | COUNT4 => e20047166bb06821a0b80110 2421411.31
2026-07-17 13:17:55 | COUNT3 => e00000000000000000000002 2041581.48
2026-07-17 13:17:56 | COUNT1 => e2004710ef50682148f20111 2181591.85
2026-07-17 13:17:56 | COUNT1 => e2004714e7b0682188780110 2201589.76
2026-07-17 13:17:56 | COUNT2 => e00000000000000000000002 2081548.98
2026-07-17 13:17:56 | COUNT52 => e2004710fcd0682149ca010d 21310.01
